<html>
<body>
<pre>
<h1>µVision Build Log</h1>
<h2>Tool Versions:</h2>
IDE-Version: µVision V5.31.0.0
Copyright (C) 2020 ARM Ltd and ARM Germany GmbH. All rights reserved.
License Information: Javier Prieto, Nexient, LIC=----
 
Tool Versions:
Toolchain:       MDK-Lite  Version: 5.31.0.0
Toolchain Path:  C:\Keil_v5\ARM\ARMCLANG\Bin
C Compiler:      ArmClang.exe V6.14
Assembler:       Armasm.exe V6.14
Linker/Locator:  ArmLink.exe V6.14
Library Manager: ArmAr.exe V6.14
Hex Converter:   FromElf.exe V6.14
CPU DLL:         SARMCM3.DLL V5.31.0.0
Dialog DLL:      DARMSTM.DLL V1.68.0.0
Target DLL:      STLink\ST-LINKIII-KEIL_SWO.dll V3.0.7.0
Dialog DLL:      TARMSTM.DLL V1.66.0.0
 
<h2>Project:</h2>
C:\Users\jmendez\Documents\Server\academy\stm32\oc-developpez-en-c-pour-l-embarque\4.2.convertisseur-analogique-numerique\4.2.convertisseur-analogique-numerique.uvprojx
Project File Date:  09/13/2020

<h2>Output:</h2>
*** Using Compiler 'V6.14', folder: 'C:\Keil_v5\ARM\ARMCLANG\Bin'
Build target 'Reel'
src/main.c(13): warning: implicit conversion changes signedness: 'int' to 'unsigned int' [-Wsign-conversion]
    GPIOA->CRL &= ~(0xF << 24); // PA.6 alternate push-pull
               ~~ ^~~~~~~~~~~~
src/main.c(11): warning: no previous prototype for function 'configure_gpio_pa6_alternate_push_pull' [-Wmissing-prototypes]
void configure_gpio_pa6_alternate_push_pull(){
     ^
src/main.c(11): note: declare 'static' if the function is not intended to be used outside of this translation unit
void configure_gpio_pa6_alternate_push_pull(){
^
static 
src/main.c(17): warning: no previous prototype for function 'configure_pwm_ch1_20khz' [-Wmissing-prototypes]
void configure_pwm_ch1_20khz(TIM_TypeDef *TIMER){
     ^
src/main.c(17): note: declare 'static' if the function is not intended to be used outside of this translation unit
void configure_pwm_ch1_20khz(TIM_TypeDef *TIMER){
^
static 
src/main.c(26): warning: no previous prototype for function 'start_timer' [-Wmissing-prototypes]
void start_timer(TIM_TypeDef *TIMER){
     ^
src/main.c(26): note: declare 'static' if the function is not intended to be used outside of this translation unit
void start_timer(TIM_TypeDef *TIMER){
^
static 
src/main.c(31): warning: implicit conversion loses integer precision: 'int' to 'uint16_t' (aka 'unsigned short') [-Wimplicit-int-conversion]
    TIMER->CCR1 = TIMER->ARR*pulse/100;
                ~ ~~~~~~~~~~~~~~~~^~~~
src/main.c(30): warning: no previous prototype for function 'set_pulse_percentage' [-Wmissing-prototypes]
void set_pulse_percentage(TIM_TypeDef *TIMER, int pulse){
     ^
src/main.c(30): note: declare 'static' if the function is not intended to be used outside of this translation unit
void set_pulse_percentage(TIM_TypeDef *TIMER, int pulse){
^
static 
src/main.c(39): warning: implicit conversion changes signedness: 'int' to 'unsigned int' [-Wsign-conversion]
    GPIOB->CRL &= ~((0x1 << 0) | (0x1 << 1) | (0x1 << 2) | (0x1 << 3));
               ~~ ^~~~~~~~~~~~~~~~~~~~~~~~~~~~~~~~~~~~~~~~~~~~~~~~~~~~
src/main.c(34): warning: no previous prototype for function 'configure_gpio_pb0_analog_input' [-Wmissing-prototypes]
void configure_gpio_pb0_analog_input() {
     ^
src/main.c(34): note: declare 'static' if the function is not intended to be used outside of this translation unit
void configure_gpio_pb0_analog_input() {
^
static 
src/main.c(43): warning: no previous prototype for function 'configure_adc_in8' [-Wmissing-prototypes]
void configure_adc_in8() {
     ^
src/main.c(43): note: declare 'static' if the function is not intended to be used outside of this translation unit
void configure_adc_in8() {
^
static 
src/main.c(69): warning: implicit conversion changes signedness: 'int' to 'unsigned int' [-Wsign-conversion]
    ADC1->SR &= ~ADC_SR_EOC;
             ~~ ^~~~~~~~~~~
src/main.c(72): warning: implicit conversion changes signedness: 'uint32_t' (aka 'unsigned int') to 'int' [-Wsign-conversion]
    return ADC1->DR &= ~( 0x0F << 12 );
    ~~~~~~ ~~~~~~~~~^~~~~~~~~~~~~~~~~~
src/main.c(72): warning: implicit conversion changes signedness: 'int' to 'unsigned int' [-Wsign-conversion]
    return ADC1->DR &= ~( 0x0F << 12 );
                    ~~ ^~~~~~~~~~~~~~~
src/main.c(61): warning: no previous prototype for function 'convert_single' [-Wmissing-prototypes]
int convert_single() {
    ^
src/main.c(61): note: declare 'static' if the function is not intended to be used outside of this translation unit
int convert_single() {
^
static 
src/main.c(96): warning: no newline at end of file [-Wnewline-eof]
}
 ^
14 warnings generated.
compiling main.c...
linking...
Program Size: Code=968 RO-data=252 RW-data=0 ZI-data=1632  
".\Objects\4.2.convertisseur-analogique-numerique" - 0 Error(s), 14 Warning(s).

<h2>Software Packages used:</h2>

Package Vendor: ARM
                http://www.keil.com/pack/ARM.CMSIS.5.7.0.pack
                ARM.CMSIS.5.7.0
                CMSIS (Cortex Microcontroller Software Interface Standard)
   * Component: CORE Version: 5.4.0

Package Vendor: Keil
                http://www.keil.com/pack/Keil.STM32F1xx_DFP.2.3.0.pack
                Keil.STM32F1xx_DFP.2.3.0
                STMicroelectronics STM32F1 Series Device Support, Drivers and Examples
   * Component: Startup Version: 1.0.0

<h2>Collection of Component include folders:</h2>
  .\RTE\Device\STM32F103RB
  .\RTE\_Reel
  C:\Users\jmendez\AppData\Local\Arm\Packs\ARM\CMSIS\5.7.0\CMSIS\Core\Include
  C:\Users\jmendez\AppData\Local\Arm\Packs\Keil\STM32F1xx_DFP\2.3.0\Device\Include

<h2>Collection of Component Files used:</h2>

   * Component: ARM::CMSIS:CORE:5.4.0

   * Component: Keil::Device:Startup:1.0.0
      Source file:   Device\Source\ARM\STM32F1xx_OPT.s
      Include file:  RTE_Driver\Config\RTE_Device.h
      Source file:   Device\Source\system_stm32f10x.c
      Source file:   Device\Source\ARM\startup_stm32f10x_md.s
Build Time Elapsed:  00:00:00
</pre>
</body>
</html>
