<html>
<body>
<pre>
<h1>µVision Build Log</h1>
<h2>Tool Versions:</h2>
IDE-Version: µVision V5.31.0.0
Copyright (C) 2020 ARM Ltd and ARM Germany GmbH. All rights reserved.
License Information: Javier Prieto, fimedialab, LIC=----
 
Tool Versions:
Toolchain:       MDK-Lite  Version: 5.31.0.0
Toolchain Path:  C:\Keil_v5\ARM\ARMCLANG\Bin
C Compiler:      ArmClang.exe V6.14
Assembler:       Armasm.exe V6.14
Linker/Locator:  ArmLink.exe V6.14
Library Manager: ArmAr.exe V6.14
Hex Converter:   FromElf.exe V6.14
CPU DLL:         SARMCM3.DLL V5.31.0.0
Dialog DLL:      DARMSTM.DLL V1.68.0.0
Target DLL:      UL2CM3.DLL V1.163.4.0
Dialog DLL:      TARMSTM.DLL V1.66.0.0
 
<h2>Project:</h2>
C:\Users\ionSurf\Documents\oc-embarque\4.1.longeur-d-impulsion\4.1.longuer-d-impulsion.uvprojx
Project File Date:  09/11/2020

<h2>Output:</h2>
*** Using Compiler 'V6.14', folder: 'C:\Keil_v5\ARM\ARMCLANG\Bin'
Build target 'Simule'
main.c(5): warning: implicit conversion changes signedness: 'int' to 'unsigned int' [-Wsign-conversion]
    GPIOA->CRL &= ~(0xF << 24);
               ~~ ^~~~~~~~~~~~
main.c(3): warning: no previous prototype for function 'configure_gpio_pa6_alternate_push_pull' [-Wmissing-prototypes]
void configure_gpio_pa6_alternate_push_pull(){
     ^
main.c(3): note: declare 'static' if the function is not intended to be used outside of this translation unit
void configure_gpio_pa6_alternate_push_pull(){
^
static 
main.c(9): warning: no previous prototype for function 'configure_pwm_ch1_20khz' [-Wmissing-prototypes]
void configure_pwm_ch1_20khz(TIM_TypeDef *TIMER){
     ^
main.c(9): note: declare 'static' if the function is not intended to be used outside of this translation unit
void configure_pwm_ch1_20khz(TIM_TypeDef *TIMER){
^
static 
main.c(18): warning: no previous prototype for function 'start_timer' [-Wmissing-prototypes]
void start_timer(TIM_TypeDef *TIMER){
     ^
main.c(18): note: declare 'static' if the function is not intended to be used outside of this translation unit
void start_timer(TIM_TypeDef *TIMER){
^
static 
main.c(23): warning: implicit conversion loses integer precision: 'int' to 'uint16_t' (aka 'unsigned short') [-Wimplicit-int-conversion]
    TIMER->CCR1 = TIMER->ARR*pulse/100;
                ~ ~~~~~~~~~~~~~~~~^~~~
main.c(22): warning: no previous prototype for function 'set_pulse_percentage' [-Wmissing-prototypes]
void set_pulse_percentage(TIM_TypeDef *TIMER, int pulse){
     ^
main.c(22): note: declare 'static' if the function is not intended to be used outside of this translation unit
void set_pulse_percentage(TIM_TypeDef *TIMER, int pulse){
^
static 
main.c(26): warning: no previous prototype for function 'configure_timer2_with_IT' [-Wmissing-prototypes]
void configure_timer2_with_IT(){
     ^
main.c(26): note: declare 'static' if the function is not intended to be used outside of this translation unit
void configure_timer2_with_IT(){
^
static 
main.c(45): warning: 'return' will never be executed [-Wunreachable-code-return]
    return 0;
           ^
main.c(53): warning: no newline at end of file [-Wnewline-eof]
}
 ^
main.c(48): warning: no previous prototype for function 'TIM2_IRQHandler' [-Wmissing-prototypes]
void TIM2_IRQHandler(void) { 
     ^
main.c(48): note: declare 'static' if the function is not intended to be used outside of this translation unit
void TIM2_IRQHandler(void) { 
^
static 
10 warnings generated.
compiling main.c...
linking...
Program Size: Code=932 RO-data=252 RW-data=0 ZI-data=1640  
".\Objects\4.1.longuer-d-impulsion" - 0 Error(s), 10 Warning(s).

<h2>Software Packages used:</h2>

Package Vendor: ARM
                http://www.keil.com/pack/ARM.CMSIS.5.7.0.pack
                ARM.CMSIS.5.7.0
                CMSIS (Cortex Microcontroller Software Interface Standard)
   * Component: CORE Version: 5.4.0

Package Vendor: Keil
                http://www.keil.com/pack/Keil.STM32F1xx_DFP.2.3.0.pack
                Keil.STM32F1xx_DFP.2.3.0
                STMicroelectronics STM32F1 Series Device Support, Drivers and Examples
   * Component: Startup Version: 1.0.0

<h2>Collection of Component include folders:</h2>
  .\RTE\Device\STM32F103RB
  .\RTE\_Simule
  C:\Users\ionSurf\AppData\Local\Arm\Packs\ARM\CMSIS\5.7.0\CMSIS\Core\Include
  C:\Users\ionSurf\AppData\Local\Arm\Packs\Keil\STM32F1xx_DFP\2.3.0\Device\Include

<h2>Collection of Component Files used:</h2>

   * Component: ARM::CMSIS:CORE:5.4.0

   * Component: Keil::Device:Startup:1.0.0
      Source file:   Device\Source\ARM\startup_stm32f10x_md.s
      Source file:   Device\Source\ARM\STM32F1xx_OPT.s
      Include file:  RTE_Driver\Config\RTE_Device.h
      Source file:   Device\Source\system_stm32f10x.c
Build Time Elapsed:  00:00:02
</pre>
</body>
</html>
